// Jest Snapshot v1, https://goo.gl/fbAQLP

exports[`Pruebas en el componente funciona de "<HomeScreen />". Debe de mostrarse correctamente y generar una snapshot. 1`] = `
<div>
  <h1>
    Home Screen
  </h1>
  <hr />
  <pre>
    {
       "user": "cloudluis22",
       "email": "cloudluis22@hotmail.com"
    }
  </pre>
</div>
`;
