// Jest Snapshot v1, https://goo.gl/fbAQLP

exports[`Pruebas en el componente funciona de "<TodoListGroup />". Debe de mostrarse correctamente. 1`] = `
<ul
  className="list-group list-group-flush"
>
  <Component
    handleDelete={[Function]}
    handleToggle={[Function]}
    index={0}
    key="1"
    todo={
      Object {
        "desc": "Comprar una fuente de 750w",
        "done": false,
        "id": 1,
      }
    }
  />
  <Component
    handleDelete={[Function]}
    handleToggle={[Function]}
    index={1}
    key="2"
    todo={
      Object {
        "desc": "Comprar una RTX 3060 Ti",
        "done": true,
        "id": 2,
      }
    }
  />
</ul>
`;
